output-test-dir: /Users/palmercd/Development/snakemake_unit_tests/tests/examples/test_interface/config_defaults/output
snakefile: /Users/palmercd/Development/snakemake_unit_tests/tests/examples/test_interface/input/choice1/workflow/Snakefile
pipeline-dir: /Users/palmercd/Development/snakemake_unit_tests/tests/examples/test_interface/input/choice1
inst-dir: /Users/palmercd/Development/snakemake_unit_tests/inst
snakemake-log: /Users/palmercd/Development/snakemake_unit_tests/tests/examples/test_interface/input/choice1/run.log
added-files:
  - dummy_file.txt
added-directories:
  - dummy_directory
exclude-rules:
  - all
  - simple_rule3
