output-test-dir: /Users/palmercd/Development/snakemake_unit_tests/tests/examples/test9/output
snakefile: /Users/palmercd/Development/snakemake_unit_tests/tests/examples/test9/input/workflow/Snakefile
pipeline-dir: /Users/palmercd/Development/snakemake_unit_tests/tests/examples/test9/input
inst-dir: /Users/palmercd/Development/snakemake_unit_tests/inst
snakemake-log: /Users/palmercd/Development/snakemake_unit_tests/tests/examples/test9/input/run.log
added-files: ~
added-directories: ~
exclude-rules:
  - all
