output-test-dir: /Users/palmercd/Development/snakemake_unit_tests/tests/examples/test16/output
snakefile: /Users/palmercd/Development/snakemake_unit_tests/tests/examples/test16/input/workflow/Snakefile
pipeline-dir: /Users/palmercd/Development/snakemake_unit_tests/tests/examples/test16/input
inst-dir: /Users/palmercd/Development/snakemake_unit_tests/inst
snakemake-log: /Users/palmercd/Development/snakemake_unit_tests/tests/examples/test16/input/run.log
added-files:
  - config.yaml
added-directories: ~
exclude-rules:
  - all
